exports[`<AddSkillLinkForm /> matches the stored snapshot 1`] = `
<div>
  <h1>
    Add a Link
  </h1>
  <Form
    bsClass="form"
    componentClass="form"
    horizontal={true}
    inline={false}
    onSubmit={[Function]}>
    <FormGroup
      bsClass="form-group"
      controlId="linkName">
      <Col
        bsClass="col"
        componentClass={[Function]}
        sm={2}>
        Name:
      </Col>
      <Col
        bsClass="col"
        componentClass="div"
        sm={10}>
        <FormControl
          bsClass="form-control"
          componentClass="input"
          name="linkName"
          onChange={[Function]} />
      </Col>
    </FormGroup>
    <FormGroup
      bsClass="form-group"
      controlId="linkURL">
      <Col
        bsClass="col"
        componentClass={[Function]}
        sm={2}>
        URL:
      </Col>
      <Col
        bsClass="col"
        componentClass="div"
        sm={10}>
        <FormControl
          bsClass="form-control"
          componentClass="input"
          name="linkURL"
          onChange={[Function]} />
      </Col>
    </FormGroup>
    <FormGroup
      bsClass="form-group"
      controlId="linkType">
      <Col
        bsClass="col"
        componentClass={[Function]}
        sm={2}>
        Type:
      </Col>
      <Col
        bsClass="col"
        componentClass="div"
        sm={10}>
        <FormControl
          bsClass="form-control"
          componentClass="select"
          name="linkType"
          onChange={[Function]}>
          <option
            value={null} />
          <option
            value="blog">
            Blog
          </option>
          <option
            value="tutorial">
            Tutorial
          </option>
          <option
            value="webpage">
            Webpage
          </option>
        </FormControl>
      </Col>
    </FormGroup>
    <FormGroup
      bsClass="form-group">
      <Col
        bsClass="col"
        componentClass="div"
        sm={2}
        smOffset={2}>
        <Button
          active={false}
          block={false}
          bsClass="btn"
          bsStyle="primary"
          disabled={false}
          type="submit">
          Submit
        </Button>
      </Col>
      <Col
        bsClass="col"
        componentClass="div"
        smOffset={2}>
        <Button
          active={false}
          block={false}
          bsClass="btn"
          bsStyle="info"
          disabled={false}
          onClick={undefined}>
          Cancel
        </Button>
      </Col>
    </FormGroup>
  </Form>
</div>
`;
