exports[`<Header /> matches the stored snapshot 1`] = `
<Grid
  bsClass="container"
  componentClass="div"
  fluid={true}>
  <Uncontrolled(Navbar)
    bsStyle="default"
    fluid={true}>
    <NavbarHeader>
      <NavbarBrand>
        <Link
          onlyActiveOnIndex={false}
          style={Object {}}
          to="/">
          Skill Directory
        </Link>
      </NavbarBrand>
    </NavbarHeader>
    <Nav
      bsClass="nav"
      justified={false}
      pullLeft={false}
      pullRight={false}
      stacked={false}>
      <NavItem
        active={false}
        disabled={false}
        eventKey={1}>
        <Link
          onlyActiveOnIndex={false}
          style={Object {}}
          to="/skills">
          Skills
        </Link>
      </NavItem>
      <NavItem
        active={false}
        disabled={false}
        eventKey={2}>
        <Link
          onlyActiveOnIndex={false}
          style={Object {}}
          to="/team">
          Team
        </Link>
      </NavItem>
    </Nav>
    <Nav
      bsClass="nav"
      justified={false}
      pullLeft={false}
      pullRight={true}
      stacked={false}>
      <NavItem
        active={false}
        disabled={false}>
        <LoginLink />
      </NavItem>
    </Nav>
  </Uncontrolled(Navbar)>
</Grid>
`;
