exports[`<LinksForm /> matches the stored snapshot 1`] = `
<form
  onSubmit={[Function]}>
  <div>
    Name: 
    <input
      name="link_name"
      onChange={[Function]}
      type="text"
      value="" />
  </div>
  <div>
    URL: 
    <input
      name="link_url"
      onChange={[Function]}
      type="text"
      value="" />
  </div>
  <div>
    Type: 
    <Select
      addLabelText="Add \"{label}\"?"
      arrowRenderer={[Function]}
      autosize={true}
      backspaceRemoves={true}
      backspaceToRemoveMessage="Press backspace to remove {label}"
      clearAllText="Clear all"
      clearValueText="Clear value"
      clearable={true}
      delimiter=","
      disabled={false}
      escapeClearsValue={true}
      filterOptions={[Function]}
      ignoreAccents={true}
      ignoreCase={true}
      inputProps={Object {}}
      isLoading={false}
      joinValues={false}
      labelKey="label"
      matchPos="any"
      matchProp="any"
      menuBuffer={0}
      menuRenderer={[Function]}
      multi={false}
      name="link_type"
      noResultsText="No results found"
      onBlurResetsInput={true}
      onChange={[Function]}
      onCloseResetsInput={true}
      openAfterFocus={false}
      optionComponent={[Function]}
      options={
        Array [
          Object {
            "label": "Blog",
            "value": "blog",
          },
          Object {
            "label": "Tutorial",
            "value": "tutorial",
          },
          Object {
            "label": "Webpage",
            "value": "webpage",
          },
        ]
      }
      pageSize={5}
      placeholder="Select..."
      required={false}
      scrollMenuIntoView={true}
      searchable={true}
      simpleValue={false}
      tabSelectsValue={true}
      value=""
      valueComponent={[Function]}
      valueKey="value" />
  </div>
  <button
    type="submit">
    Save
  </button>
</form>
`;
