exports[`<ReviewPanel /> matches the stored snapshot 1`] = `<div />`;
